
==================== Tidy Core ====================
Result size of Tidy Core = {terms: 59, types: 41, coercions: 0}

-- RHS size: {terms: 2, types: 0, coercions: 0}
T10694.$trModule2 :: GHC.Types.TrName
[GblId,
 Caf=NoCafRefs,
 Str=m1,
 Unf=Unf{Src=<vanilla>, TopLvl=True, Value=True, ConLike=True, WorkFree=True, Expandable=True, Guidance=IF_ARGS [] 30 20}]
T10694.$trModule2 = GHC.Types.TrNameS "main"#

-- RHS size: {terms: 2, types: 0, coercions: 0}
T10694.$trModule1 :: GHC.Types.TrName
[GblId,
 Caf=NoCafRefs,
 Str=m1,
 Unf=Unf{Src=<vanilla>, TopLvl=True, Value=True, ConLike=True, WorkFree=True, Expandable=True, Guidance=IF_ARGS [] 40 20}]
T10694.$trModule1 = GHC.Types.TrNameS "T10694"#

-- RHS size: {terms: 3, types: 0, coercions: 0}
T10694.$trModule :: GHC.Types.Module
[GblId,
 Caf=NoCafRefs,
 Str=m,
 Unf=Unf{Src=<vanilla>, TopLvl=True, Value=True, ConLike=True, WorkFree=True, Expandable=True, Guidance=IF_ARGS [] 10 30}]
T10694.$trModule = GHC.Types.Module T10694.$trModule2 T10694.$trModule1

-- RHS size: {terms: 39, types: 23, coercions: 0}
pm [InlPrag=NOINLINE] :: Int -> Int -> (Int, Int)
[GblId, Arity=2, Str=<L,U(U)><L,U(U)>m]
pm =
  \ (x_axR :: Int) (y_axS :: Int) ->
    let {
      l_sUO :: Int
      [LclId]
      l_sUO =
        case x_axR of { GHC.Types.I# x1_aUk -> case y_axS of { GHC.Types.I# y1_aUo -> GHC.Types.I# (GHC.Prim.+# x1_aUk y1_aUo) } } } in
    let {
      l1_sUQ :: Int
      [LclId]
      l1_sUQ =
        case x_axR of { GHC.Types.I# x1_aUu -> case y_axS of { GHC.Types.I# y1_aUy -> GHC.Types.I# (GHC.Prim.-# x1_aUu y1_aUy) } } } in
    let {
      l2_sUP :: [Int]
      [LclId, Unf=OtherCon []]
      l2_sUP = GHC.Types.: @ Int l1_sUQ (GHC.Types.[] @ Int) } in
    let {
      l3_sUF :: [Int]
      [LclId, Unf=OtherCon []]
      l3_sUF = GHC.Types.: @ Int l_sUO l2_sUP } in
    (GHC.List.$w!! @ Int l3_sUF 0#, GHC.List.$w!! @ Int l3_sUF 1#)

-- RHS size: {terms: 8, types: 7, coercions: 0}
m :: Int -> Int -> Int
[GblId,
 Arity=2,
 Str=<L,U(U)><L,U(U)>,
 Unf=Unf{Src=InlineStable, TopLvl=True, Value=True, ConLike=True, WorkFree=True, Expandable=True,
         Guidance=ALWAYS_IF(arity=2,unsat_ok=True,boring_ok=False)
         Tmpl= \ (x_aCT [Occ=Once] :: Int) (y_aCU [Occ=Once] :: Int) ->
                 case pm x_aCT y_aCU of { (_ [Occ=Dead], mr_aCW [Occ=Once]) -> mr_aCW }}]
m = \ (x_aCT :: Int) (y_aCU :: Int) -> case pm x_aCT y_aCU of { (pr_aCV, mr_aCW) -> mr_aCW }



